------------------------------------------------------------
Timing Analyzer Summary
------------------------------------------------------------

Type  : Slow 1100mV 85C Model Setup 'KEY[0]'
Slack : -4.195
TNS   : -93.150

Type  : Slow 1100mV 85C Model Hold 'KEY[0]'
Slack : 0.478
TNS   : 0.000

Type  : Slow 1100mV 85C Model Minimum Pulse Width 'KEY[0]'
Slack : -0.632
TNS   : -45.521

Type  : Slow 1100mV 0C Model Setup 'KEY[0]'
Slack : -4.311
TNS   : -96.243

Type  : Slow 1100mV 0C Model Hold 'KEY[0]'
Slack : 0.479
TNS   : 0.000

Type  : Slow 1100mV 0C Model Minimum Pulse Width 'KEY[0]'
Slack : -0.549
TNS   : -42.329

Type  : Fast 1100mV 85C Model Setup 'KEY[0]'
Slack : -1.409
TNS   : -22.263

Type  : Fast 1100mV 85C Model Hold 'KEY[0]'
Slack : 0.225
TNS   : 0.000

Type  : Fast 1100mV 85C Model Minimum Pulse Width 'KEY[0]'
Slack : -0.681
TNS   : -40.445

Type  : Fast 1100mV 0C Model Setup 'KEY[0]'
Slack : -1.247
TNS   : -19.065

Type  : Fast 1100mV 0C Model Hold 'KEY[0]'
Slack : 0.210
TNS   : 0.000

Type  : Fast 1100mV 0C Model Minimum Pulse Width 'KEY[0]'
Slack : -0.682
TNS   : -40.924

------------------------------------------------------------
